++ head -1
++ find build/Build/Products -name PickThePlay.app -path '*iphonesimulator*'
+ APP=build/Build/Products/Debug-iphonesimulator/PickThePlay.app
+ '[' -z build/Build/Products/Debug-iphonesimulator/PickThePlay.app ']'
++ defaults read /Users/runner/work/PTP/PTP/ios/build/Build/Products/Debug-iphonesimulator/PickThePlay.app/Info CFBundleIdentifier
+ BID=com.nfl-gtr.PickThePlay
++ xcrun simctl list runtimes -j
++ python3 -c 'import json,sys;print([r['\''identifier'\''] for r in json.load(sys.stdin)['\''runtimes'\''] if r['\''isAvailable'\''] and '\''iOS'\'' in r['\''name'\'']][-1])'
+ RUNTIME=com.apple.CoreSimulator.SimRuntime.iOS-26-5
++ xcrun simctl list devicetypes -j
++ python3 -c 'import json,re,sys;c=[x['\''identifier'\''] for x in json.load(sys.stdin)['\''devicetypes'\''] if '\''Pro-Max'\'' in x['\''identifier'\'']];print(sorted(c,key=lambda i:int(re.search(r'\''iPhone-(\d+)'\'',i).group(1)))[-1])'
+ DEVTYPE=com.apple.CoreSimulator.SimDeviceType.iPhone-17-Pro-Max
++ xcrun simctl create shots com.apple.CoreSimulator.SimDeviceType.iPhone-17-Pro-Max com.apple.CoreSimulator.SimRuntime.iOS-26-5
+ UDID=9A5C79F3-6735-4ECC-8CD5-3C0B6CFA6944
+ xcrun simctl boot 9A5C79F3-6735-4ECC-8CD5-3C0B6CFA6944
+ xcrun simctl bootstatus 9A5C79F3-6735-4ECC-8CD5-3C0B6CFA6944 -b
Monitoring boot status for shots (9A5C79F3-6735-4ECC-8CD5-3C0B6CFA6944).
Device already booted, nothing to do.

+ for t in '"2026-09-13T09:41:00Z"' '"9:41"'
+ xcrun simctl status_bar 9A5C79F3-6735-4ECC-8CD5-3C0B6CFA6944 override --time 2026-09-13T09:41:00Z --cellularBars 4 --wifiBars 3 --batteryState charged --batteryLevel 100
An error was encountered processing the command (domain=NSPOSIXErrorDomain, code=22):
Simulator device failed to complete the requested operation.
Invalid argument
Underlying error (domain=NSPOSIXErrorDomain, code=22):
	Invalid, non-ISO date/time string
	Invalid argument
+ for t in '"2026-09-13T09:41:00Z"' '"9:41"'
+ xcrun simctl status_bar 9A5C79F3-6735-4ECC-8CD5-3C0B6CFA6944 override --time 9:41 --cellularBars 4 --wifiBars 3 --batteryState charged --batteryLevel 100
+ break
+ xcrun simctl install 9A5C79F3-6735-4ECC-8CD5-3C0B6CFA6944 build/Build/Products/Debug-iphonesimulator/PickThePlay.app
+ mkdir -p screenshots/raw
+ shoot open 01-call-the-play
+ xcrun simctl terminate 9A5C79F3-6735-4ECC-8CD5-3C0B6CFA6944 com.nfl-gtr.PickThePlay
An error was encountered processing the command (domain=NSPOSIXErrorDomain, code=3):
Simulator device failed to terminate com.nfl-gtr.PickThePlay.
found nothing to terminate
Underlying error (domain=NSPOSIXErrorDomain, code=3):
	The request to terminate "com.nfl-gtr.PickThePlay" failed. found nothing to terminate
	found nothing to terminate
+ true
+ SIMCTL_CHILD_SCREENSHOT=open
+ xcrun simctl launch 9A5C79F3-6735-4ECC-8CD5-3C0B6CFA6944 com.nfl-gtr.PickThePlay
com.nfl-gtr.PickThePlay: 17015
+ sleep 10
+ xcrun simctl io 9A5C79F3-6735-4ECC-8CD5-3C0B6CFA6944 screenshot screenshots/raw/01-call-the-play.png
Detected file type from extension: PNG
Note: No display specified. Defaulting to display: 9843687E-EC75-46F8-9C5E-69945BA7C502 (screenID: 1, name: LCD)
Wrote screenshot to: /Users/runner/work/PTP/PTP/ios/screenshots/raw/01-call-the-play.png
+ shoot result 02-result
+ xcrun simctl terminate 9A5C79F3-6735-4ECC-8CD5-3C0B6CFA6944 com.nfl-gtr.PickThePlay
+ SIMCTL_CHILD_SCREENSHOT=result
+ xcrun simctl launch 9A5C79F3-6735-4ECC-8CD5-3C0B6CFA6944 com.nfl-gtr.PickThePlay
com.nfl-gtr.PickThePlay: 17990
+ sleep 10
+ xcrun simctl io 9A5C79F3-6735-4ECC-8CD5-3C0B6CFA6944 screenshot screenshots/raw/02-result.png
Detected file type from extension: PNG
Note: No display specified. Defaulting to display: 9843687E-EC75-46F8-9C5E-69945BA7C502 (screenID: 1, name: LCD)
Wrote screenshot to: /Users/runner/work/PTP/PTP/ios/screenshots/raw/02-result.png
+ shoot locked 03-locked
+ xcrun simctl terminate 9A5C79F3-6735-4ECC-8CD5-3C0B6CFA6944 com.nfl-gtr.PickThePlay
+ SIMCTL_CHILD_SCREENSHOT=locked
+ xcrun simctl launch 9A5C79F3-6735-4ECC-8CD5-3C0B6CFA6944 com.nfl-gtr.PickThePlay
com.nfl-gtr.PickThePlay: 18980
+ sleep 10
+ xcrun simctl io 9A5C79F3-6735-4ECC-8CD5-3C0B6CFA6944 screenshot screenshots/raw/03-locked.png
Detected file type from extension: PNG
Note: No display specified. Defaulting to display: 9843687E-EC75-46F8-9C5E-69945BA7C502 (screenID: 1, name: LCD)
Wrote screenshot to: /Users/runner/work/PTP/PTP/ios/screenshots/raw/03-locked.png
+ shoot board 04-leaderboard
+ xcrun simctl terminate 9A5C79F3-6735-4ECC-8CD5-3C0B6CFA6944 com.nfl-gtr.PickThePlay
+ SIMCTL_CHILD_SCREENSHOT=board
+ xcrun simctl launch 9A5C79F3-6735-4ECC-8CD5-3C0B6CFA6944 com.nfl-gtr.PickThePlay
com.nfl-gtr.PickThePlay: 20262
+ sleep 10
+ xcrun simctl io 9A5C79F3-6735-4ECC-8CD5-3C0B6CFA6944 screenshot screenshots/raw/04-leaderboard.png
Detected file type from extension: PNG
Note: No display specified. Defaulting to display: 9843687E-EC75-46F8-9C5E-69945BA7C502 (screenID: 1, name: LCD)
Wrote screenshot to: /Users/runner/work/PTP/PTP/ios/screenshots/raw/04-leaderboard.png
+ shoot lounges 05-lounges
+ xcrun simctl terminate 9A5C79F3-6735-4ECC-8CD5-3C0B6CFA6944 com.nfl-gtr.PickThePlay
+ SIMCTL_CHILD_SCREENSHOT=lounges
+ xcrun simctl launch 9A5C79F3-6735-4ECC-8CD5-3C0B6CFA6944 com.nfl-gtr.PickThePlay
com.nfl-gtr.PickThePlay: 25865
+ sleep 10
+ xcrun simctl io 9A5C79F3-6735-4ECC-8CD5-3C0B6CFA6944 screenshot screenshots/raw/05-lounges.png
Detected file type from extension: PNG
Note: No display specified. Defaulting to display: 9843687E-EC75-46F8-9C5E-69945BA7C502 (screenID: 1, name: LCD)
Wrote screenshot to: /Users/runner/work/PTP/PTP/ios/screenshots/raw/05-lounges.png
+ shoot points 06-points
+ xcrun simctl terminate 9A5C79F3-6735-4ECC-8CD5-3C0B6CFA6944 com.nfl-gtr.PickThePlay
+ SIMCTL_CHILD_SCREENSHOT=points
+ xcrun simctl launch 9A5C79F3-6735-4ECC-8CD5-3C0B6CFA6944 com.nfl-gtr.PickThePlay
com.nfl-gtr.PickThePlay: 26593
+ sleep 10
+ xcrun simctl io 9A5C79F3-6735-4ECC-8CD5-3C0B6CFA6944 screenshot screenshots/raw/06-points.png
Detected file type from extension: PNG
Note: No display specified. Defaulting to display: 9843687E-EC75-46F8-9C5E-69945BA7C502 (screenID: 1, name: LCD)
Wrote screenshot to: /Users/runner/work/PTP/PTP/ios/screenshots/raw/06-points.png
+ shoot directions 07-directions
+ xcrun simctl terminate 9A5C79F3-6735-4ECC-8CD5-3C0B6CFA6944 com.nfl-gtr.PickThePlay
+ SIMCTL_CHILD_SCREENSHOT=directions
+ xcrun simctl launch 9A5C79F3-6735-4ECC-8CD5-3C0B6CFA6944 com.nfl-gtr.PickThePlay
com.nfl-gtr.PickThePlay: 27579
+ sleep 10
+ xcrun simctl io 9A5C79F3-6735-4ECC-8CD5-3C0B6CFA6944 screenshot screenshots/raw/07-directions.png
Detected file type from extension: PNG
Note: No display specified. Defaulting to display: 9843687E-EC75-46F8-9C5E-69945BA7C502 (screenID: 1, name: LCD)
Wrote screenshot to: /Users/runner/work/PTP/PTP/ios/screenshots/raw/07-directions.png
+ shoot open 08-light-call-the-play -ptp-appearance light
+ xcrun simctl terminate 9A5C79F3-6735-4ECC-8CD5-3C0B6CFA6944 com.nfl-gtr.PickThePlay
+ SIMCTL_CHILD_SCREENSHOT=open
+ xcrun simctl launch 9A5C79F3-6735-4ECC-8CD5-3C0B6CFA6944 com.nfl-gtr.PickThePlay -ptp-appearance light
com.nfl-gtr.PickThePlay: 27978
+ sleep 10
+ xcrun simctl io 9A5C79F3-6735-4ECC-8CD5-3C0B6CFA6944 screenshot screenshots/raw/08-light-call-the-play.png
Detected file type from extension: PNG
Note: No display specified. Defaulting to display: 9843687E-EC75-46F8-9C5E-69945BA7C502 (screenID: 1, name: LCD)
Wrote screenshot to: /Users/runner/work/PTP/PTP/ios/screenshots/raw/08-light-call-the-play.png
+ shoot result 09-light-result -ptp-appearance light
+ xcrun simctl terminate 9A5C79F3-6735-4ECC-8CD5-3C0B6CFA6944 com.nfl-gtr.PickThePlay
+ SIMCTL_CHILD_SCREENSHOT=result
+ xcrun simctl launch 9A5C79F3-6735-4ECC-8CD5-3C0B6CFA6944 com.nfl-gtr.PickThePlay -ptp-appearance light
com.nfl-gtr.PickThePlay: 29503
+ sleep 10
+ xcrun simctl io 9A5C79F3-6735-4ECC-8CD5-3C0B6CFA6944 screenshot screenshots/raw/09-light-result.png
Detected file type from extension: PNG
Note: No display specified. Defaulting to display: 9843687E-EC75-46F8-9C5E-69945BA7C502 (screenID: 1, name: LCD)
Wrote screenshot to: /Users/runner/work/PTP/PTP/ios/screenshots/raw/09-light-result.png
+ shoot directions 10-light-directions -ptp-appearance light
+ xcrun simctl terminate 9A5C79F3-6735-4ECC-8CD5-3C0B6CFA6944 com.nfl-gtr.PickThePlay
+ SIMCTL_CHILD_SCREENSHOT=directions
+ xcrun simctl launch 9A5C79F3-6735-4ECC-8CD5-3C0B6CFA6944 com.nfl-gtr.PickThePlay -ptp-appearance light
com.nfl-gtr.PickThePlay: 30228
+ sleep 10
+ xcrun simctl io 9A5C79F3-6735-4ECC-8CD5-3C0B6CFA6944 screenshot screenshots/raw/10-light-directions.png
Detected file type from extension: PNG
Note: No display specified. Defaulting to display: 9843687E-EC75-46F8-9C5E-69945BA7C502 (screenID: 1, name: LCD)
Wrote screenshot to: /Users/runner/work/PTP/PTP/ios/screenshots/raw/10-light-directions.png
+ shoot hostSignIn h1-host-signin
+ xcrun simctl terminate 9A5C79F3-6735-4ECC-8CD5-3C0B6CFA6944 com.nfl-gtr.PickThePlay
+ SIMCTL_CHILD_SCREENSHOT=hostSignIn
+ xcrun simctl launch 9A5C79F3-6735-4ECC-8CD5-3C0B6CFA6944 com.nfl-gtr.PickThePlay
com.nfl-gtr.PickThePlay: 31493
+ sleep 10
+ xcrun simctl io 9A5C79F3-6735-4ECC-8CD5-3C0B6CFA6944 screenshot screenshots/raw/h1-host-signin.png
Detected file type from extension: PNG
Note: No display specified. Defaulting to display: 9843687E-EC75-46F8-9C5E-69945BA7C502 (screenID: 1, name: LCD)
Wrote screenshot to: /Users/runner/work/PTP/PTP/ios/screenshots/raw/h1-host-signin.png
+ shoot hostRun h2-host-play-open
+ xcrun simctl terminate 9A5C79F3-6735-4ECC-8CD5-3C0B6CFA6944 com.nfl-gtr.PickThePlay
+ SIMCTL_CHILD_SCREENSHOT=hostRun
+ xcrun simctl launch 9A5C79F3-6735-4ECC-8CD5-3C0B6CFA6944 com.nfl-gtr.PickThePlay
com.nfl-gtr.PickThePlay: 32344
+ sleep 10
+ xcrun simctl io 9A5C79F3-6735-4ECC-8CD5-3C0B6CFA6944 screenshot screenshots/raw/h2-host-play-open.png
Detected file type from extension: PNG
Note: No display specified. Defaulting to display: 9843687E-EC75-46F8-9C5E-69945BA7C502 (screenID: 1, name: LCD)
Wrote screenshot to: /Users/runner/work/PTP/PTP/ios/screenshots/raw/h2-host-play-open.png
+ shoot hostLive h3-host-suggestion
+ xcrun simctl terminate 9A5C79F3-6735-4ECC-8CD5-3C0B6CFA6944 com.nfl-gtr.PickThePlay
+ SIMCTL_CHILD_SCREENSHOT=hostLive
+ xcrun simctl launch 9A5C79F3-6735-4ECC-8CD5-3C0B6CFA6944 com.nfl-gtr.PickThePlay
com.nfl-gtr.PickThePlay: 32862
+ sleep 10
+ xcrun simctl io 9A5C79F3-6735-4ECC-8CD5-3C0B6CFA6944 screenshot screenshots/raw/h3-host-suggestion.png
Detected file type from extension: PNG
Note: No display specified. Defaulting to display: 9843687E-EC75-46F8-9C5E-69945BA7C502 (screenID: 1, name: LCD)
Wrote screenshot to: /Users/runner/work/PTP/PTP/ios/screenshots/raw/h3-host-suggestion.png
+ shoot hostLog h4-host-log
+ xcrun simctl terminate 9A5C79F3-6735-4ECC-8CD5-3C0B6CFA6944 com.nfl-gtr.PickThePlay
+ SIMCTL_CHILD_SCREENSHOT=hostLog
+ xcrun simctl launch 9A5C79F3-6735-4ECC-8CD5-3C0B6CFA6944 com.nfl-gtr.PickThePlay
com.nfl-gtr.PickThePlay: 33873
+ sleep 10
+ xcrun simctl io 9A5C79F3-6735-4ECC-8CD5-3C0B6CFA6944 screenshot screenshots/raw/h4-host-log.png
Detected file type from extension: PNG
Note: No display specified. Defaulting to display: 9843687E-EC75-46F8-9C5E-69945BA7C502 (screenID: 1, name: LCD)
Wrote screenshot to: /Users/runner/work/PTP/PTP/ios/screenshots/raw/h4-host-log.png
+ xcrun simctl shutdown 9A5C79F3-6735-4ECC-8CD5-3C0B6CFA6944
+ xcrun simctl delete 9A5C79F3-6735-4ECC-8CD5-3C0B6CFA6944
+ ls -l screenshots/raw
total 16760
-rw-r--r--@ 1 runner  staff  1032920 Oct  9 04:37 01-call-the-play.png
-rw-r--r--@ 1 runner  staff   766098 Oct  9 04:38 02-result.png
-rw-r--r--@ 1 runner  staff   670152 Oct  9 04:38 03-locked.png
-rw-r--r--@ 1 runner  staff   282625 Oct  9 04:39 04-leaderboard.png
-rw-r--r--@ 1 runner  staff   329891 Oct  9 04:40 05-lounges.png
-rw-r--r--@ 1 runner  staff   563966 Oct  9 04:41 06-points.png
-rw-r--r--@ 1 runner  staff   512494 Oct  9 04:41 07-directions.png
-rw-r--r--@ 1 runner  staff  1176067 Oct  9 04:41 08-light-call-the-play.png
-rw-r--r--@ 1 runner  staff   846088 Oct  9 04:42 09-light-result.png
-rw-r--r--@ 1 runner  staff   607874 Oct  9 04:42 10-light-directions.png
-rw-r--r--@ 1 runner  staff   207839 Oct  9 04:43 h1-host-signin.png
-rw-r--r--@ 1 runner  staff   596582 Oct  9 04:43 h2-host-play-open.png
-rw-r--r--@ 1 runner  staff   628032 Oct  9 04:43 h3-host-suggestion.png
-rw-r--r--@ 1 runner  staff   323920 Oct  9 04:44 h4-host-log.png
+ for size in '"1290x2796:6.9-inch"' '"1284x2778:6.5-inch"'
+ px=1290x2796
+ dir=screenshots/6.9-inch
+ mkdir -p screenshots/6.9-inch
+ for f in 'screenshots/raw/*.png'
++ basename screenshots/raw/01-call-the-play.png
+ sips -s format png --resampleHeightWidth 2796 1290 screenshots/raw/01-call-the-play.png --out screenshots/6.9-inch/01-call-the-play.png
/Users/runner/work/PTP/PTP/ios/screenshots/raw/01-call-the-play.png
  /Users/runner/work/PTP/PTP/ios/screenshots/6.9-inch/01-call-the-play.png
+ for f in 'screenshots/raw/*.png'
++ basename screenshots/raw/02-result.png
+ sips -s format png --resampleHeightWidth 2796 1290 screenshots/raw/02-result.png --out screenshots/6.9-inch/02-result.png
/Users/runner/work/PTP/PTP/ios/screenshots/raw/02-result.png
  /Users/runner/work/PTP/PTP/ios/screenshots/6.9-inch/02-result.png
+ for f in 'screenshots/raw/*.png'
++ basename screenshots/raw/03-locked.png
+ sips -s format png --resampleHeightWidth 2796 1290 screenshots/raw/03-locked.png --out screenshots/6.9-inch/03-locked.png
/Users/runner/work/PTP/PTP/ios/screenshots/raw/03-locked.png
  /Users/runner/work/PTP/PTP/ios/screenshots/6.9-inch/03-locked.png
+ for f in 'screenshots/raw/*.png'
++ basename screenshots/raw/04-leaderboard.png
+ sips -s format png --resampleHeightWidth 2796 1290 screenshots/raw/04-leaderboard.png --out screenshots/6.9-inch/04-leaderboard.png
/Users/runner/work/PTP/PTP/ios/screenshots/raw/04-leaderboard.png
  /Users/runner/work/PTP/PTP/ios/screenshots/6.9-inch/04-leaderboard.png
+ for f in 'screenshots/raw/*.png'
++ basename screenshots/raw/05-lounges.png
+ sips -s format png --resampleHeightWidth 2796 1290 screenshots/raw/05-lounges.png --out screenshots/6.9-inch/05-lounges.png
/Users/runner/work/PTP/PTP/ios/screenshots/raw/05-lounges.png
  /Users/runner/work/PTP/PTP/ios/screenshots/6.9-inch/05-lounges.png
+ for f in 'screenshots/raw/*.png'
++ basename screenshots/raw/06-points.png
+ sips -s format png --resampleHeightWidth 2796 1290 screenshots/raw/06-points.png --out screenshots/6.9-inch/06-points.png
/Users/runner/work/PTP/PTP/ios/screenshots/raw/06-points.png
  /Users/runner/work/PTP/PTP/ios/screenshots/6.9-inch/06-points.png
+ for f in 'screenshots/raw/*.png'
++ basename screenshots/raw/07-directions.png
+ sips -s format png --resampleHeightWidth 2796 1290 screenshots/raw/07-directions.png --out screenshots/6.9-inch/07-directions.png
/Users/runner/work/PTP/PTP/ios/screenshots/raw/07-directions.png
  /Users/runner/work/PTP/PTP/ios/screenshots/6.9-inch/07-directions.png
+ for f in 'screenshots/raw/*.png'
++ basename screenshots/raw/08-light-call-the-play.png
+ sips -s format png --resampleHeightWidth 2796 1290 screenshots/raw/08-light-call-the-play.png --out screenshots/6.9-inch/08-light-call-the-play.png
/Users/runner/work/PTP/PTP/ios/screenshots/raw/08-light-call-the-play.png
  /Users/runner/work/PTP/PTP/ios/screenshots/6.9-inch/08-light-call-the-play.png
+ for f in 'screenshots/raw/*.png'
++ basename screenshots/raw/09-light-result.png
+ sips -s format png --resampleHeightWidth 2796 1290 screenshots/raw/09-light-result.png --out screenshots/6.9-inch/09-light-result.png
/Users/runner/work/PTP/PTP/ios/screenshots/raw/09-light-result.png
  /Users/runner/work/PTP/PTP/ios/screenshots/6.9-inch/09-light-result.png
+ for f in 'screenshots/raw/*.png'
++ basename screenshots/raw/10-light-directions.png
+ sips -s format png --resampleHeightWidth 2796 1290 screenshots/raw/10-light-directions.png --out screenshots/6.9-inch/10-light-directions.png
/Users/runner/work/PTP/PTP/ios/screenshots/raw/10-light-directions.png
  /Users/runner/work/PTP/PTP/ios/screenshots/6.9-inch/10-light-directions.png
+ for f in 'screenshots/raw/*.png'
++ basename screenshots/raw/h1-host-signin.png
+ sips -s format png --resampleHeightWidth 2796 1290 screenshots/raw/h1-host-signin.png --out screenshots/6.9-inch/h1-host-signin.png
/Users/runner/work/PTP/PTP/ios/screenshots/raw/h1-host-signin.png
  /Users/runner/work/PTP/PTP/ios/screenshots/6.9-inch/h1-host-signin.png
+ for f in 'screenshots/raw/*.png'
++ basename screenshots/raw/h2-host-play-open.png
+ sips -s format png --resampleHeightWidth 2796 1290 screenshots/raw/h2-host-play-open.png --out screenshots/6.9-inch/h2-host-play-open.png
/Users/runner/work/PTP/PTP/ios/screenshots/raw/h2-host-play-open.png
  /Users/runner/work/PTP/PTP/ios/screenshots/6.9-inch/h2-host-play-open.png
+ for f in 'screenshots/raw/*.png'
++ basename screenshots/raw/h3-host-suggestion.png
+ sips -s format png --resampleHeightWidth 2796 1290 screenshots/raw/h3-host-suggestion.png --out screenshots/6.9-inch/h3-host-suggestion.png
/Users/runner/work/PTP/PTP/ios/screenshots/raw/h3-host-suggestion.png
  /Users/runner/work/PTP/PTP/ios/screenshots/6.9-inch/h3-host-suggestion.png
+ for f in 'screenshots/raw/*.png'
++ basename screenshots/raw/h4-host-log.png
+ sips -s format png --resampleHeightWidth 2796 1290 screenshots/raw/h4-host-log.png --out screenshots/6.9-inch/h4-host-log.png
/Users/runner/work/PTP/PTP/ios/screenshots/raw/h4-host-log.png
  /Users/runner/work/PTP/PTP/ios/screenshots/6.9-inch/h4-host-log.png
+ for size in '"1290x2796:6.9-inch"' '"1284x2778:6.5-inch"'
+ px=1284x2778
+ dir=screenshots/6.5-inch
+ mkdir -p screenshots/6.5-inch
+ for f in 'screenshots/raw/*.png'
++ basename screenshots/raw/01-call-the-play.png
+ sips -s format png --resampleHeightWidth 2778 1284 screenshots/raw/01-call-the-play.png --out screenshots/6.5-inch/01-call-the-play.png
/Users/runner/work/PTP/PTP/ios/screenshots/raw/01-call-the-play.png
  /Users/runner/work/PTP/PTP/ios/screenshots/6.5-inch/01-call-the-play.png
+ for f in 'screenshots/raw/*.png'
++ basename screenshots/raw/02-result.png
+ sips -s format png --resampleHeightWidth 2778 1284 screenshots/raw/02-result.png --out screenshots/6.5-inch/02-result.png
/Users/runner/work/PTP/PTP/ios/screenshots/raw/02-result.png
  /Users/runner/work/PTP/PTP/ios/screenshots/6.5-inch/02-result.png
+ for f in 'screenshots/raw/*.png'
++ basename screenshots/raw/03-locked.png
+ sips -s format png --resampleHeightWidth 2778 1284 screenshots/raw/03-locked.png --out screenshots/6.5-inch/03-locked.png
/Users/runner/work/PTP/PTP/ios/screenshots/raw/03-locked.png
  /Users/runner/work/PTP/PTP/ios/screenshots/6.5-inch/03-locked.png
+ for f in 'screenshots/raw/*.png'
++ basename screenshots/raw/04-leaderboard.png
+ sips -s format png --resampleHeightWidth 2778 1284 screenshots/raw/04-leaderboard.png --out screenshots/6.5-inch/04-leaderboard.png
/Users/runner/work/PTP/PTP/ios/screenshots/raw/04-leaderboard.png
  /Users/runner/work/PTP/PTP/ios/screenshots/6.5-inch/04-leaderboard.png
+ for f in 'screenshots/raw/*.png'
++ basename screenshots/raw/05-lounges.png
+ sips -s format png --resampleHeightWidth 2778 1284 screenshots/raw/05-lounges.png --out screenshots/6.5-inch/05-lounges.png
/Users/runner/work/PTP/PTP/ios/screenshots/raw/05-lounges.png
  /Users/runner/work/PTP/PTP/ios/screenshots/6.5-inch/05-lounges.png
+ for f in 'screenshots/raw/*.png'
++ basename screenshots/raw/06-points.png
+ sips -s format png --resampleHeightWidth 2778 1284 screenshots/raw/06-points.png --out screenshots/6.5-inch/06-points.png
/Users/runner/work/PTP/PTP/ios/screenshots/raw/06-points.png
  /Users/runner/work/PTP/PTP/ios/screenshots/6.5-inch/06-points.png
+ for f in 'screenshots/raw/*.png'
++ basename screenshots/raw/07-directions.png
+ sips -s format png --resampleHeightWidth 2778 1284 screenshots/raw/07-directions.png --out screenshots/6.5-inch/07-directions.png
/Users/runner/work/PTP/PTP/ios/screenshots/raw/07-directions.png
  /Users/runner/work/PTP/PTP/ios/screenshots/6.5-inch/07-directions.png
+ for f in 'screenshots/raw/*.png'
++ basename screenshots/raw/08-light-call-the-play.png
+ sips -s format png --resampleHeightWidth 2778 1284 screenshots/raw/08-light-call-the-play.png --out screenshots/6.5-inch/08-light-call-the-play.png
/Users/runner/work/PTP/PTP/ios/screenshots/raw/08-light-call-the-play.png
  /Users/runner/work/PTP/PTP/ios/screenshots/6.5-inch/08-light-call-the-play.png
+ for f in 'screenshots/raw/*.png'
++ basename screenshots/raw/09-light-result.png
+ sips -s format png --resampleHeightWidth 2778 1284 screenshots/raw/09-light-result.png --out screenshots/6.5-inch/09-light-result.png
/Users/runner/work/PTP/PTP/ios/screenshots/raw/09-light-result.png
  /Users/runner/work/PTP/PTP/ios/screenshots/6.5-inch/09-light-result.png
+ for f in 'screenshots/raw/*.png'
++ basename screenshots/raw/10-light-directions.png
+ sips -s format png --resampleHeightWidth 2778 1284 screenshots/raw/10-light-directions.png --out screenshots/6.5-inch/10-light-directions.png
/Users/runner/work/PTP/PTP/ios/screenshots/raw/10-light-directions.png
  /Users/runner/work/PTP/PTP/ios/screenshots/6.5-inch/10-light-directions.png
+ for f in 'screenshots/raw/*.png'
++ basename screenshots/raw/h1-host-signin.png
+ sips -s format png --resampleHeightWidth 2778 1284 screenshots/raw/h1-host-signin.png --out screenshots/6.5-inch/h1-host-signin.png
/Users/runner/work/PTP/PTP/ios/screenshots/raw/h1-host-signin.png
  /Users/runner/work/PTP/PTP/ios/screenshots/6.5-inch/h1-host-signin.png
+ for f in 'screenshots/raw/*.png'
++ basename screenshots/raw/h2-host-play-open.png
+ sips -s format png --resampleHeightWidth 2778 1284 screenshots/raw/h2-host-play-open.png --out screenshots/6.5-inch/h2-host-play-open.png
/Users/runner/work/PTP/PTP/ios/screenshots/raw/h2-host-play-open.png
  /Users/runner/work/PTP/PTP/ios/screenshots/6.5-inch/h2-host-play-open.png
+ for f in 'screenshots/raw/*.png'
++ basename screenshots/raw/h3-host-suggestion.png
+ sips -s format png --resampleHeightWidth 2778 1284 screenshots/raw/h3-host-suggestion.png --out screenshots/6.5-inch/h3-host-suggestion.png
/Users/runner/work/PTP/PTP/ios/screenshots/raw/h3-host-suggestion.png
  /Users/runner/work/PTP/PTP/ios/screenshots/6.5-inch/h3-host-suggestion.png
+ for f in 'screenshots/raw/*.png'
++ basename screenshots/raw/h4-host-log.png
+ sips -s format png --resampleHeightWidth 2778 1284 screenshots/raw/h4-host-log.png --out screenshots/6.5-inch/h4-host-log.png
/Users/runner/work/PTP/PTP/ios/screenshots/raw/h4-host-log.png
  /Users/runner/work/PTP/PTP/ios/screenshots/6.5-inch/h4-host-log.png
+ rm -rf screenshots/raw
+ find screenshots -name '*.png'
+ sort
screenshots/6.5-inch/01-call-the-play.png
screenshots/6.5-inch/02-result.png
screenshots/6.5-inch/03-locked.png
screenshots/6.5-inch/04-leaderboard.png
screenshots/6.5-inch/05-lounges.png
screenshots/6.5-inch/06-points.png
screenshots/6.5-inch/07-directions.png
screenshots/6.5-inch/08-light-call-the-play.png
screenshots/6.5-inch/09-light-result.png
screenshots/6.5-inch/10-light-directions.png
screenshots/6.5-inch/h1-host-signin.png
screenshots/6.5-inch/h2-host-play-open.png
screenshots/6.5-inch/h3-host-suggestion.png
screenshots/6.5-inch/h4-host-log.png
screenshots/6.9-inch/01-call-the-play.png
screenshots/6.9-inch/02-result.png
screenshots/6.9-inch/03-locked.png
screenshots/6.9-inch/04-leaderboard.png
screenshots/6.9-inch/05-lounges.png
screenshots/6.9-inch/06-points.png
screenshots/6.9-inch/07-directions.png
screenshots/6.9-inch/08-light-call-the-play.png
screenshots/6.9-inch/09-light-result.png
screenshots/6.9-inch/10-light-directions.png
screenshots/6.9-inch/h1-host-signin.png
screenshots/6.9-inch/h2-host-play-open.png
screenshots/6.9-inch/h3-host-suggestion.png
screenshots/6.9-inch/h4-host-log.png
+ find screenshots -name '*.png' -exec sips -g pixelWidth -g pixelHeight '{}' +
/Users/runner/work/PTP/PTP/ios/screenshots/6.9-inch/h1-host-signin.png
  pixelWidth: 1290
  pixelHeight: 2796
/Users/runner/work/PTP/PTP/ios/screenshots/6.9-inch/06-points.png
  pixelWidth: 1290
  pixelHeight: 2796
/Users/runner/work/PTP/PTP/ios/screenshots/6.9-inch/h2-host-play-open.png
  pixelWidth: 1290
  pixelHeight: 2796
/Users/runner/work/PTP/PTP/ios/screenshots/6.9-inch/03-locked.png
  pixelWidth: 1290
  pixelHeight: 2796
/Users/runner/work/PTP/PTP/ios/screenshots/6.9-inch/05-lounges.png
  pixelWidth: 1290
  pixelHeight: 2796
/Users/runner/work/PTP/PTP/ios/screenshots/6.9-inch/10-light-directions.png
  pixelWidth: 1290
  pixelHeight: 2796
/Users/runner/work/PTP/PTP/ios/screenshots/6.9-inch/02-result.png
  pixelWidth: 1290
  pixelHeight: 2796
/Users/runner/work/PTP/PTP/ios/screenshots/6.9-inch/08-light-call-the-play.png
  pixelWidth: 1290
  pixelHeight: 2796
/Users/runner/work/PTP/PTP/ios/screenshots/6.9-inch/04-leaderboard.png
  pixelWidth: 1290
  pixelHeight: 2796
/Users/runner/work/PTP/PTP/ios/screenshots/6.9-inch/h4-host-log.png
  pixelWidth: 1290
  pixelHeight: 2796
/Users/runner/work/PTP/PTP/ios/screenshots/6.9-inch/09-light-result.png
  pixelWidth: 1290
  pixelHeight: 2796
/Users/runner/work/PTP/PTP/ios/screenshots/6.9-inch/07-directions.png
  pixelWidth: 1290
  pixelHeight: 2796
/Users/runner/work/PTP/PTP/ios/screenshots/6.9-inch/h3-host-suggestion.png
  pixelWidth: 1290
  pixelHeight: 2796
/Users/runner/work/PTP/PTP/ios/screenshots/6.9-inch/01-call-the-play.png
  pixelWidth: 1290
  pixelHeight: 2796
/Users/runner/work/PTP/PTP/ios/screenshots/6.5-inch/h1-host-signin.png
  pixelWidth: 1284
  pixelHeight: 2778
/Users/runner/work/PTP/PTP/ios/screenshots/6.5-inch/06-points.png
  pixelWidth: 1284
  pixelHeight: 2778
/Users/runner/work/PTP/PTP/ios/screenshots/6.5-inch/h2-host-play-open.png
  pixelWidth: 1284
  pixelHeight: 2778
/Users/runner/work/PTP/PTP/ios/screenshots/6.5-inch/03-locked.png
  pixelWidth: 1284
  pixelHeight: 2778
/Users/runner/work/PTP/PTP/ios/screenshots/6.5-inch/05-lounges.png
  pixelWidth: 1284
  pixelHeight: 2778
/Users/runner/work/PTP/PTP/ios/screenshots/6.5-inch/10-light-directions.png
  pixelWidth: 1284
  pixelHeight: 2778
/Users/runner/work/PTP/PTP/ios/screenshots/6.5-inch/02-result.png
  pixelWidth: 1284
  pixelHeight: 2778
/Users/runner/work/PTP/PTP/ios/screenshots/6.5-inch/08-light-call-the-play.png
  pixelWidth: 1284
  pixelHeight: 2778
/Users/runner/work/PTP/PTP/ios/screenshots/6.5-inch/04-leaderboard.png
  pixelWidth: 1284
  pixelHeight: 2778
/Users/runner/work/PTP/PTP/ios/screenshots/6.5-inch/h4-host-log.png
  pixelWidth: 1284
  pixelHeight: 2778
/Users/runner/work/PTP/PTP/ios/screenshots/6.5-inch/09-light-result.png
  pixelWidth: 1284
  pixelHeight: 2778
/Users/runner/work/PTP/PTP/ios/screenshots/6.5-inch/07-directions.png
  pixelWidth: 1284
  pixelHeight: 2778
/Users/runner/work/PTP/PTP/ios/screenshots/6.5-inch/h3-host-suggestion.png
  pixelWidth: 1284
  pixelHeight: 2778
/Users/runner/work/PTP/PTP/ios/screenshots/6.5-inch/01-call-the-play.png
  pixelWidth: 1284
  pixelHeight: 2778
